node.exe : npm warn Unknown env config "devdir". This will stop working in the next major version of npm.
In C:\Program Files\nodejs\npm.ps1:29 car:3
+   & $NODE_EXE $NPM_CLI_JS $args
+   ~~~~~~~~~~~~~~~~~~~~~~~~~~~~~
    + CategoryInfo          : NotSpecified: (npm warn Unknow...version of npm.:String) [], RemoteException
    + FullyQualifiedErrorId : NativeCommandError
 

> rest-express@1.0.0 build:client
> node scripts/copy-local-fonts.mjs && node scripts/inject-crawler-html.mjs && node scripts/sync-sitemap.mjs && vite build && node scripts/inject-crawler-html.mjs --dist && node scripts/prerender-public-routes.mjs && node scripts/verify-dist-output.mjs

OK: copied demo fonts to C:\Users\User\Desktop\CURSOR Ai\AGRMULTIMEDIA\client\public\assets\fonts
OK: injected crawler-home into client\index.html
OK: synced C:\Users\User\Desktop\CURSOR Ai\AGRMULTIMEDIA\sitemap.xml -> C:\Users\User\Desktop\CURSOR Ai\AGRMULTIMEDIA\client\public\sitemap.xml
vite v5.4.19 building for production...
transforming...
Browserslist: browsers data (caniuse-lite) is 20 months old. Please run:
  npx update-browserslist-db@latest
  Why you should do it regularly: https://github.com/browserslist/update-db#readme
Ô£ô 1814 modules transformed.
rendering chunks...
computing gzip size...
../dist/public/assets/plus-jakarta-sans-latin-400-normal-Dhut76fR.woff2                   11.82 kB
../dist/public/assets/plus-jakarta-sans-latin-800-normal-CusIZhrK.woff2                   11.90 kB
../dist/public/assets/plus-jakarta-sans-latin-600-normal-DLTa1BUW.woff2                   12.19 kB
../dist/public/assets/plus-jakarta-sans-latin-300-normal-ubitlNZx.woff2                   12.20 kB
../dist/public/assets/plus-jakarta-sans-latin-700-normal-CfpNZvy6.woff2                   12.24 kB
../dist/public/assets/plus-jakarta-sans-latin-500-normal-Bf-nb4oT.woff2                   12.31 kB
../dist/public/assets/plus-jakarta-sans-latin-400-italic-D5MFNpT-.woff2                   12.59 kB
../dist/public/assets/plus-jakarta-sans-latin-600-italic-5ssjdLIB.woff2                   12.98 kB
../dist/public/assets/plus-jakarta-sans-latin-400-normal-BDKaGhyp.woff                    15.73 kB
../dist/public/assets/plus-jakarta-sans-latin-800-normal-BRNHt2w0.woff                    15.78 kB
../dist/public/assets/plus-jakarta-sans-latin-600-normal-BR_Ojra4.woff                    16.08 kB
../dist/public/assets/plus-jakarta-sans-latin-500-normal-DYtqi0QS.woff                    16.12 kB
../dist/public/assets/plus-jakarta-sans-latin-700-normal-DqEcQeE5.woff                    16.14 kB
../dist/public/assets/plus-jakarta-sans-latin-300-normal-n-kmFdAV.woff                    16.19 kB
../dist/public/assets/plus-jakarta-sans-latin-400-italic-BVaBttQe.woff                    16.78 kB
../dist/public/assets/plus-jakarta-sans-latin-600-italic-CIIWvMyh.woff                    17.14 kB
../dist/public/index.html                                                                 20.67 kB Ôöé gzip:   5.36 kB
../dist/public/assets/KING KONG_1755565210288-DcH4ZW3A.jpg                               557.70 kB
../dist/public/assets/GARDIJAN POSTER_1755565214483-DP3HVF2n.jpg                         814.02 kB
../dist/public/assets/Ragazzo con lanterne_1755565190060-QxXcivW4.jpg                    888.87 kB
../dist/public/assets/Professional_digital_consulting_workspace_7a5b279f-D3x5aS7g.png  1,414.60 kB
../dist/public/assets/MOVIE POSTER ABANDONED_1755565219158-Dl9vois3.jpg                2,177.96 kB
../dist/public/assets/ANTO IL SILENZIO DELL BOSS_1755565202925-bQCNJbje.jpg            3,985.02 kB
../dist/public/assets/index-BjwsIF0l.css                                                 150.84 kB Ôöé gzip:  24.10 kB
../dist/public/assets/ai-content-creation-Ch8RCiI4.js                                      0.31 kB Ôöé gzip:   0.22 kB
../dist/public/assets/berisha-r3fi6thR.js                                                  0.31 kB Ôöé gzip:   0.27 kB
../dist/public/assets/VisibleAuthorCredit-BgWusRcI.js                                      0.31 kB Ôöé gzip:   0.26 kB
../dist/public/assets/aisa-osmani-tLfbe_Mz.js                                              0.32 kB Ôöé gzip:   0.28 kB
../dist/public/assets/tairovic-dark-verzija-DCacCQC0.js                                    0.32 kB Ôöé gzip:   0.27 kB
../dist/public/assets/ContactPage-C65VFJzl.js                                              0.48 kB Ôöé gzip:   0.33 kB
../dist/public/assets/badge-B0W7iHng.js                                                    0.75 kB Ôöé gzip:   0.39 kB
../dist/public/assets/not-found-BtVPurSb.js                                                0.78 kB Ôöé gzip:   0.44 kB
../dist/public/assets/card-ljlkkEXi.js                                                     1.04 kB Ôöé gzip:   0.39 kB
../dist/public/assets/button-DnM0AMTP.js                                                   1.26 kB Ôöé gzip:   0.62 kB
../dist/public/assets/food-truck-web-500-BMTS3cwv.js                                       1.70 kB Ôöé gzip:   0.93 kB
../dist/public/assets/GermanBlogArticlePage-KNXyxkpM.js                                    2.10 kB Ôöé gzip:   0.99 kB
../dist/public/assets/AboutPage-DB3ou8tl.js                                                2.32 kB Ôöé gzip:   1.01 kB
../dist/public/assets/terms-BeyhZcGr.js                                                    2.35 kB Ôöé gzip:   0.60 kB
../dist/public/assets/cookies-Duz8asD_.js                                                  2.36 kB Ôöé gzip:   0.61 kB
../dist/public/assets/blogPostsDe-Dt3bxXCb.js                                              4.39 kB Ôöé gzip:   1.91 kB
../dist/public/assets/wouter-z62p9xyg.js                                                   4.96 kB Ôöé gzip:   2.47 kB
../dist/public/assets/BlogIndexPage-BIhDGFM7.js                                            5.92 kB Ôöé gzip:   2.16 kB
../dist/public/assets/impresum-5tYl6YIX.js                                                 6.70 kB Ôöé gzip:   2.83 kB
../dist/public/assets/BewertungenPage-Cd79M28i.js                                          7.01 kB Ôöé gzip:   3.26 kB
../dist/public/assets/ServicesPage-ScJlKMrR.js                                             7.03 kB Ôöé gzip:   2.98 kB
../dist/public/assets/fotoKreiraneSaAiGallery-C8iFfzh5.js                                  7.71 kB Ôöé gzip:   1.98 kB
../dist/public/assets/consulting-DIV4mxZC.js                                               7.96 kB Ôöé gzip:   2.03 kB
../dist/public/assets/brandingGallery-B91LwhjB.js                                          8.03 kB Ôöé gzip:   2.37 kB
../dist/public/assets/digital-marketing-DbMJAP2g.js                                        8.12 kB Ôöé gzip:   3.17 kB
../dist/public/assets/digital-marketing-trends-2024-Ce4PoYPG.js                            8.37 kB Ôöé gzip:   2.65 kB
../dist/public/assets/WebdesignSeoPage-DP3Hrtg3.js                                         9.13 kB Ôöé gzip:   3.53 kB
../dist/public/assets/website-conversion-optimization-DMSojLf6.js                         10.57 kB Ôöé gzip:   3.01 kB
../dist/public/assets/video-marketing-power-fwNaihdi.js                                   12.59 kB Ôöé gzip:   3.64 kB
../dist/public/assets/video-production-DBVuuOYB.js                                        12.73 kB Ôöé gzip:   4.87 kB
../dist/public/assets/Contact-BWwGSW_n.js                                                 13.07 kB Ôöé gzip:   4.21 kB
../dist/public/assets/PortfolioPage-CO2LBYSz.js                                           13.43 kB Ôöé gzip:   3.99 kB
../dist/public/assets/ServicePageTemplate-BJzwhFvj.js                                     13.80 kB Ôöé gzip:   2.37 kB
../dist/public/assets/application-design-development-B7-WivWV.js                          13.85 kB Ôöé gzip:   5.08 kB
../dist/public/assets/photography-CVM2sb7M.js                                             14.31 kB Ôöé gzip:   3.74 kB
../dist/public/assets/privacy-CDSmLEsi.js                                                 14.41 kB Ôöé gzip:   6.07 kB
../dist/public/assets/ecommerce-site-BTKWiD5S.js                                          16.26 kB Ôöé gzip:   4.87 kB
../dist/public/assets/restaurant-website-BmYZ-VVz.js                                      18.65 kB Ôöé gzip:   5.22 kB
../dist/public/assets/brand-identity-Joq85tOJ.js                                          19.31 kB Ôöé gzip:   5.21 kB
../dist/public/assets/lucide-Hpj-7lMs.js                                                  22.49 kB Ôöé gzip:   4.77 kB
../dist/public/assets/corporate-video-D2PsAqDF.js                                         22.95 kB Ôöé gzip:   5.52 kB
../dist/public/assets/product-photography-C7zRmSdf.js                                     24.41 kB Ôöé gzip:   6.42 kB
../dist/public/assets/packaging-design-CoMmU3zF.js                                        24.43 kB Ôöé gzip:   6.58 kB
../dist/public/assets/query-QKFpwz50.js                                                   25.95 kB Ôöé gzip:   8.00 kB
../dist/public/assets/home-CZMLiazK.js                                                    26.16 kB Ôöé gzip:   8.67 kB
../dist/public/assets/graphic-design-Dyv7s0cR.js                                          29.15 kB Ôöé gzip:   9.57 kB
../dist/public/assets/gsap-0lJgtTtq.js                                                   114.38 kB Ôöé gzip:  45.33 kB
../dist/public/assets/react-vendor-DrK6478_.js                                           142.22 kB Ôöé gzip:  45.60 kB
../dist/public/assets/index-C2IcNj5x.js                                                  411.41 kB Ôöé gzip: 131.97 kB
Ô£ô built in 8.85s
OK: injected crawler-home into dist\public\index.html
OK: prerender shells for portfolio, kontakt, webdesign-seo, bewertungen, graphic-design, webdesign-geislingen-an-der-steige
OK: production static files are deployed from C:\Users\User\Desktop\CURSOR Ai\AGRMULTIMEDIA\dist\public
OK: root sitemap.xml is published at /sitemap.xml
OK: homepage crawler HTML present in index.html
npm notice
npm notice New minor version of npm available! 11.6.1 -> 11.17.0
npm notice Changelog: https://github.com/npm/cli/releases/tag/v11.17.0
npm notice To update run: npm install -g npm@11.17.0
npm notice
